= バーチャルホスト設定 =

'''''http,httpsによるサービスが利用できる状態にします。[[BR]]原則Documentルートは使用しません。[[BR]]すべてVirtualHostによる設定を行います。'''''

== httpd確認 ==

httpdが導入されているかどうかを確認します。

{{{
$ sudo yum list | grep httpd
httpd.i386                               2.2.3-22.el5.centos.2         updates
httpd-devel.i386                         2.2.3-22.el5.centos.2         updates
httpd-manual.i386                        2.2.3-22.el5.centos.2         updates
}}}

インストール

{{{
$ sudo yum -y install httpd httpd-devel httpd-manual
}}}

httpd-develにはapxsなどがはいっています。

== 設定 ==

以下の修正を行います。

 * エラーページなどでOS名を表示しない。
 * エラーページなどで表示される管理者メールアドレスを変更する。
 * ServerNameを変更する
 * エラーページなどでApacheのバージョンを表示しないようにする
 * iconsディレクトリのファイル一覧を表示しないようにする

設定ファイルを修正します。

{{{
$ sudo vi /etc/httpd/conf/httpd.conf
}}}

{{{
ServerTokens Prod
ServerAdmin admin@your-domain.com
ServerName example.jp:80
ServerSignature Off

<Directory "/var/www/icons">
    Options MultiViews	← iconsディレクトリのファイル一覧を表示しないようにする
    AllowOverride None
    Order allow,deny
    Allow from all
</Directory>
}}}

テストページ削除

{{{
$sudo rm -f /etc/httpd/conf.d/welcome.conf
$sudo rm -f /var/www/error/noidex.html
}}}


WEBサーバー起動および自動起動設定

{{{
$ sudo /sbin/service httpd start
$ sudo /sbin/chkconfig httpd on
}}}

ランレベル2,3,4,5がonになっている事を確認します。

{{{
$ sudo /sbin/chkconfig --list httpd
httpd           0:off   1:off   2:on    3:on    4:on    5:on    6:off
}}}

== virtualHost ==

''virtualHost''の設定を行います。

最初にテストページを作成します。

{{{
$ mkdir -p ~/Prj/BLANK/root/logs ~/Prj/TEST/root/logs
$ echo blank >> ~/Prj/BLANK/root/index.html
$ echo test  >> ~/Prj/TEST/root/index.html
$ chmod 0755 ~/Prj/BLANK/root/index.html
$ chmod 0755 ~/Prj/TEST/root/index.html
}}}

一般ユーザーのディレクトリ以下を他ユーザー(apache)が実行可能にする。
{{{
$ chmod 0701 ~
}}}

virtualHost設定を/etc/httpd/conf/httpd.confに記述します。

{{{
$ sudo vi /etc/httpd/conf/httpd.conf
}}}

{{{
#DocumentRoot "/var/www/html"	←IP直接入力の場合はVirtualHostの先頭の設定が呼ばれることになる
NameVirtualHost *:80	←VirtualHostを有効化
}}}

ファイルの最終行に以下を追加

{{{
<VirtualHost *:80>
    ServerName blank.example.com
    DocumentRoot /home/homepage/Prj/BLANK/root
    CustomLog "| /usr/sbin/rotatelogs /home/homepage/Prj/BLANK/logs/blank_access_log.%Y%m%d 86400 540" combined env=!static_files
    ErrorLog  "| /usr/sbin/rotatelogs /home/homepage/Prj/BLANK/logs/blank_error_log.%Y%m%d 86400 540"
</VirtualHost>

<VirtualHost *:80>
    ServerName test.example.com
    DocumentRoot /home/homepage/Prj/TEST/root
    CustomLog "| /usr/sbin/rotatelogs /home/homepage/Prj/TEST/logs/test_access_log.%Y%m%d 86400 540" combined env=!static_files
    ErrorLog  "| /usr/sbin/rotatelogs /home/homepage/Prj/TEST/logs/test_error_log.%Y%m%d 86400 540"
</VirtualHost>

}}}

再起動

{{{
% sudo /sbin/service httpd restart
}}}

== 名前解決 ==

まだDNSの設定をしていない場合は次の作業を行います。

=== windowsの場合 ===

C:\WINDOWS\system32\drivers\etc\hostsをテキストエディタで開き、次の様な記述を追記します。XXXの場所はあなたが契約しているLinodeのIPアドレスを当てはめてください。

{{{
74.207.XXX.XXX blank.example.com
74.207.XXX.XXX test.example.com
74.207.XXX.XXX test2.example.com
}}}


== 確認 ==

ブラウザで次の作業を行います。

* IPアドレスが直接入力された場合はblankと表示される
* blank.example.comとしてリクエストされた場合はblankと表示される
* test.example.comとしてリクエストされた場合はtestと表示される
* test2.example.comとしてリクエストされた場合はblankと表示される
